<html>
<body>
<pre>
<h1>µVision Build Log</h1>
<h2>Tool Versions:</h2>
IDE-Version: ¦ÌVision V5.26.2.0
Copyright (C) 2018 ARM Ltd and ARM Germany GmbH. All rights reserved.
License Information: kk kk, kk, LIC=FQQGK-Z3NPG-49UG2-9G7AV-N20WH-10L8F
 
Tool Versions:
Toolchain:       MDK-ARM Professional  Version: 5.26.2.0
Toolchain Path:  C:\Keil_v5\ARM\ARMCC\Bin
C Compiler:      Armcc.exe V5.06 update 6 (build 750)
Assembler:       Armasm.exe V5.06 update 6 (build 750)
Linker/Locator:  ArmLink.exe V5.06 update 6 (build 750)
Library Manager: ArmAr.exe V5.06 update 6 (build 750)
Hex Converter:   FromElf.exe V5.06 update 6 (build 750)
CPU DLL:         SARMCM3.DLL V5.26.2.0
Dialog DLL:      DCM.DLL V1.17.2.0
Target DLL:      Segger\JL2CM3.dll V2.99.31.0
Dialog DLL:      TCM.DLL V1.36.1.0
 
<h2>Project:</h2>
G:\00000Ñ§Ï°±àÂë\312.ITL01-ÎÂ¿ØÃæ°å\Branches\Transition Upgrade package SRC\SRC\Project\ITL01.uvprojx
Project File Date:  12/20/2018

<h2>Output:</h2>
*** Using Compiler 'V5.06 update 6 (build 750)', folder: 'C:\Keil_v5\ARM\ARMCC\Bin'
Build target 'Traget'
assembling startup_stm32f10x_md.s...
compiling BestFuLib.c...
compiling system_stm32f10x.c...
compiling CMDProcess.c...
compiling Command.c...
compiling Delay.c...
compiling CRC.c...
compiling EEPROM.c...
compiling Fifo.c...
compiling FaultManage.c...
compiling FlashAttr.c...
compiling LinkScanFifo.c...
compiling Linksimplest.c...
compiling Linksrc.c...
compiling LinkWRDC.c...
compiling MsgPackage.c...
compiling Object.c...
compiling Scene&Group.c...
compiling Sign433.c...
compiling Sign433Attr.c...
compiling SysTestAttr.c...
compiling SysExeAttr.c...
compiling Thread.c...
compiling UnitShare_Attr.c...
compiling Updata.c...
compiling Upload.c...
compiling UserDataDownload.c...
compiling DeviceReset.c...
compiling UserData.c...
compiling I2C.C...
compiling Flash.c...
compiling Gpio.c...
compiling Instruct.c...
compiling Program.c...
compiling SI4432.c...
compiling SPI.c...
compiling SysHard.c...
compiling SysTick.c...
compiling Sys.c...
compiling Test.c...
compiling Usart.c...
compiling FlashSizeFlag.c...
compiling WDG.c...
compiling UnitCfg.c...
compiling main.c...
compiling CRC16.c...
compiling KeyPort.c...
compiling Backlight.c...
compiling HT1621.C...
compiling LCD_Show.c...
compiling adc.c...
compiling Polling.c...
compiling config.c...
compiling DeviceRelate.c...
compiling KeyUnit.c...
compiling AirUnit.c...
compiling AirCondition.c...
compiling AirAttr.c...
linking...
Program Size: Code=37332 RO-data=2556 RW-data=188 ZI-data=10884  
FromELF: creating hex file...
"..\Output\ITL01_V9999-A.axf" - 0 Error(s), 0 Warning(s).

<h2>Software Packages used:</h2>

Package Vendor: Keil
                http://www.keil.com/pack/Keil.STM32F1xx_DFP.1.0.5.pack
                Keil.STM32F1xx_DFP.1.0.5
                STMicroelectronics STM32F1 Series Device Support, Drivers and Examples

<h2>Collection of Component include folders:</h2>
  .\RTE\_Traget
  C:\Keil_v5\ARM\PACK\Keil\STM32F1xx_DFP\1.0.5\Device\Include

<h2>Collection of Component Files used:</h2>
Build Time Elapsed:  00:00:12
</pre>
</body>
</html>
